{"level":"info","message":"تم جدولة Cron Job لتوليد الذمم الشهرية (كل 1 من الشهر 06:00 AST)","service":"qatifan-fund","timestamp":"2026-05-31T20:00:33.879Z"}
{"level":"info","message":"تم جدولة Cron Jobs للتذكيرات وإعادة المحاولة","service":"qatifan-fund","timestamp":"2026-05-31T20:00:33.882Z"}
{"level":"info","message":"Qatifan Fund System started successfully","service":"qatifan-fund","timestamp":"2026-05-31T20:00:33.882Z"}
{"level":"info","message":"تم جدولة Cron Job لتوليد الذمم الشهرية (كل 1 من الشهر 06:00 AST)","service":"qatifan-fund","timestamp":"2026-05-31T20:00:39.287Z"}
{"level":"info","message":"تم جدولة Cron Jobs للتذكيرات وإعادة المحاولة","service":"qatifan-fund","timestamp":"2026-05-31T20:00:39.290Z"}
{"level":"info","message":"Qatifan Fund System started successfully","service":"qatifan-fund","timestamp":"2026-05-31T20:00:39.290Z"}
{"level":"info","message":"بدء توليد الذمم الشهرية","month":6,"service":"qatifan-fund","timestamp":"2026-05-31T20:00:56.529Z","year":2025}
{"level":"info","message":"وُجد 4 عضو نشط","service":"qatifan-fund","timestamp":"2026-05-31T20:00:56.574Z"}
{"error":"column \"membership_status\" is of type membership_status but expression is of type text","level":"error","message":"تم تراجع المعاملة (Rollback)","service":"qatifan-fund","timestamp":"2026-05-31T20:00:56.585Z"}
{"error":"column \"membership_status\" is of type membership_status but expression is of type text","level":"error","memberId":"8aa095a0-a984-4a69-b5cf-ed923fe9d006","message":"خطأ في معالجة عضو","service":"qatifan-fund","timestamp":"2026-05-31T20:00:56.585Z"}
{"error":"column \"membership_status\" is of type membership_status but expression is of type text","level":"error","message":"تم تراجع المعاملة (Rollback)","service":"qatifan-fund","timestamp":"2026-05-31T20:00:56.588Z"}
{"error":"column \"membership_status\" is of type membership_status but expression is of type text","level":"error","memberId":"9546e03e-7a41-4a93-a15e-138cc01a394e","message":"خطأ في معالجة عضو","service":"qatifan-fund","timestamp":"2026-05-31T20:00:56.588Z"}
{"error":"column \"membership_status\" is of type membership_status but expression is of type text","level":"error","message":"تم تراجع المعاملة (Rollback)","service":"qatifan-fund","timestamp":"2026-05-31T20:00:56.591Z"}
{"error":"column \"membership_status\" is of type membership_status but expression is of type text","level":"error","memberId":"8bbd3343-f5a1-4260-bd3d-cee56e1d00f0","message":"خطأ في معالجة عضو","service":"qatifan-fund","timestamp":"2026-05-31T20:00:56.591Z"}
{"error":"column \"membership_status\" is of type membership_status but expression is of type text","level":"error","message":"تم تراجع المعاملة (Rollback)","service":"qatifan-fund","timestamp":"2026-05-31T20:00:56.593Z"}
{"level":"info","message":"بدء توليد الذمم الشهرية","month":6,"service":"qatifan-fund","timestamp":"2026-05-31T20:03:12.136Z","year":2025}
{"level":"info","message":"وُجد 4 عضو نشط","service":"qatifan-fund","timestamp":"2026-05-31T20:03:12.179Z"}
{"channel":"whatsapp","error":"Authentication Error - invalid username","level":"error","logId":"75f3fb49-6d57-44dd-9624-3d44ce0ca582","message":"فشل إرسال الإشعار","service":"qatifan-fund","timestamp":"2026-05-31T20:03:13.271Z"}
{"channel":"whatsapp","error":"Authentication Error - invalid username","level":"error","logId":"f96604f3-1f22-440d-b634-d8bdc1cbe625","message":"فشل إرسال الإشعار","service":"qatifan-fund","timestamp":"2026-05-31T20:03:13.485Z"}
{"channel":"whatsapp","error":"Authentication Error - invalid username","level":"error","logId":"ee1c3e1a-4b1d-4494-8e2e-7cfbbf1ef996","message":"فشل إرسال الإشعار","service":"qatifan-fund","timestamp":"2026-05-31T20:03:13.891Z"}
{"channel":"whatsapp","error":"Authentication Error - invalid username","level":"error","logId":"5ece5eb7-db31-4ca0-9588-e327c91c0b11","message":"فشل إرسال الإشعار","service":"qatifan-fund","timestamp":"2026-05-31T20:03:14.107Z"}
{"amountPaid":150,"level":"info","message":"بدء تسجيل دفعة اشتراك","receivedBy":"8aa095a0-a984-4a69-b5cf-ed923fe9d006","service":"qatifan-fund","subscriptionId":"414aa331-2f27-422b-9f5e-26d6f03d383e","timestamp":"2026-05-31T20:06:51.025Z"}
{"channel":"whatsapp","error":"Authentication Error - invalid username","level":"error","logId":"67872b6a-38f7-4b4f-bde3-402eae76ce37","message":"فشل إرسال الإشعار","service":"qatifan-fund","timestamp":"2026-05-31T20:06:51.864Z"}
{"amount":100,"approvedBy":"8aa095a0-a984-4a69-b5cf-ed923fe9d006","category":"wedding","level":"info","message":"بدء تسجيل مصروف","service":"qatifan-fund","timestamp":"2026-05-31T20:09:08.278Z"}
{"amount":100,"category":"wedding","expenseId":"f1815ea2-0359-406c-a507-6a8947a1dd87","level":"info","message":"تم تسجيل المصروف","newBalance":50,"service":"qatifan-fund","timestamp":"2026-05-31T20:09:08.334Z","transactionId":"c37d5566-3a1f-4561-9722-317c2437e857"}
{"channel":"whatsapp","error":"Authentication Error - invalid username","level":"error","logId":"f19cb43b-ae90-4499-8d3c-c86b013e9afb","message":"فشل إرسال الإشعار","service":"qatifan-fund","timestamp":"2026-05-31T20:09:09.112Z"}
{"actualBankBalance":50,"level":"info","message":"بدء عملية المطابقة البنكية","periodEnd":null,"periodStart":null,"reconciledBy":"8aa095a0-a984-4a69-b5cf-ed923fe9d006","service":"qatifan-fund","timestamp":"2026-05-31T23:26:20.972Z"}
{"error":"relation \"reconciliation_logs\" does not exist","level":"error","message":"فشل تنفيذ الاستعلام","params":["8aa095a0-a984-4a69-b5cf-ed923fe9d006",50,50,0,"balanced",null,null,"Test reconciliation - balanced","{\"reconciledAt\":\"2026-05-31T23:26:21.068Z\",\"reconciledBy\":\"8aa095a0-a984-4a69-b5cf-ed923fe9d006\",\"periodStart\":null,\"periodEnd\":null,\"bookBalance\":50,\"actualBankBalance\":50,\"variance\":0,\"absVariance\":0,\"totalDeposits\":150,\"totalWithdrawals\":100,\"transactionCount\":2,\"status\":\"balanced\",\"isBalanced\":true,\"toleranceUsed\":1,\"totalPendingDebt\":450,\"expectedBalanceIfCollected\":500,\"recentTransactions\":[{\"id\":\"c37d5566-3a1f-4561-9722-317c2437e857\",\"transaction_type\":\"withdrawal\",\"amount\":\"100.00\",\"transaction_date\":\"2026-05-30T21:00:00.000Z\",\"reference_number\":null,\"description\":\"نقوط زواج: Test wedding gift for Saad\",\"balance_after\":\"50.00\",\"member_name\":null},{\"id\":\"facc289b-bf78-456c-b991-0001c9ff7aee\",\"transaction_type\":\"deposit\",\"amount\":\"150.00\",\"transaction_date\":\"2026-05-30T21:00:00.000Z\",\"reference_number\":\"TEST-REF-001\",\"description\":\"Test payment\",\"balance_after\":\"150.00\",\"member_name\":\"Abdullah Mohammed Al-Qatifan\"}],\"notes\":\"Test reconciliation - balanced\"}"],"query":"\n    INSERT INTO reconciliation_logs\n      (reconciled_by, actual_bank_balance, book_balance,\n       variance, status, period_start, period_end, notes, report_json)\n    VALUES ($1,$2,$3,$4,$5,$6,$7,$8,$9)\n    ON CONFLICT DO NOTHING\n  ","service":"qatifan-fund","timestamp":"2026-05-31T23:26:21.073Z"}
{"level":"warn","message":"لم يتم حفظ نتيجة المطابقة في DB (الجدول غير موجود بعد)","service":"qatifan-fund","timestamp":"2026-05-31T23:26:21.073Z"}
{"channel":"whatsapp","error":"Authentication Error - invalid username","level":"error","logId":"540ca7bf-2516-41a7-8593-927e5f62a1bd","message":"فشل إرسال الإشعار","service":"qatifan-fund","timestamp":"2026-05-31T23:26:22.045Z"}
{"actualBankBalance":50,"bookBalance":50,"level":"info","message":"✅ المطابقة البنكية ناجحة","service":"qatifan-fund","timestamp":"2026-05-31T23:26:22.046Z"}
{"actualBankBalance":75,"level":"info","message":"بدء عملية المطابقة البنكية","periodEnd":null,"periodStart":null,"reconciledBy":"8aa095a0-a984-4a69-b5cf-ed923fe9d006","service":"qatifan-fund","timestamp":"2026-05-31T23:26:22.047Z"}
{"error":"relation \"reconciliation_logs\" does not exist","level":"error","message":"فشل تنفيذ الاستعلام","params":["8aa095a0-a984-4a69-b5cf-ed923fe9d006",75,50,25,"surplus",null,null,"Test reconciliation - with variance","{\"reconciledAt\":\"2026-05-31T23:26:22.051Z\",\"reconciledBy\":\"8aa095a0-a984-4a69-b5cf-ed923fe9d006\",\"periodStart\":null,\"periodEnd\":null,\"bookBalance\":50,\"actualBankBalance\":75,\"variance\":25,\"absVariance\":25,\"totalDeposits\":150,\"totalWithdrawals\":100,\"transactionCount\":2,\"status\":\"surplus\",\"isBalanced\":false,\"toleranceUsed\":1,\"totalPendingDebt\":450,\"expectedBalanceIfCollected\":500,\"recentTransactions\":[{\"id\":\"c37d5566-3a1f-4561-9722-317c2437e857\",\"transaction_type\":\"withdrawal\",\"amount\":\"100.00\",\"transaction_date\":\"2026-05-30T21:00:00.000Z\",\"reference_number\":null,\"description\":\"نقوط زواج: Test wedding gift for Saad\",\"balance_after\":\"50.00\",\"member_name\":null},{\"id\":\"facc289b-bf78-456c-b991-0001c9ff7aee\",\"transaction_type\":\"deposit\",\"amount\":\"150.00\",\"transaction_date\":\"2026-05-30T21:00:00.000Z\",\"reference_number\":\"TEST-REF-001\",\"description\":\"Test payment\",\"balance_after\":\"150.00\",\"member_name\":\"Abdullah Mohammed Al-Qatifan\"}],\"notes\":\"Test reconciliation - with variance\"}"],"query":"\n    INSERT INTO reconciliation_logs\n      (reconciled_by, actual_bank_balance, book_balance,\n       variance, status, period_start, period_end, notes, report_json)\n    VALUES ($1,$2,$3,$4,$5,$6,$7,$8,$9)\n    ON CONFLICT DO NOTHING\n  ","service":"qatifan-fund","timestamp":"2026-05-31T23:26:22.052Z"}
{"level":"warn","message":"لم يتم حفظ نتيجة المطابقة في DB (الجدول غير موجود بعد)","service":"qatifan-fund","timestamp":"2026-05-31T23:26:22.052Z"}
{"channel":"whatsapp","error":"Authentication Error - invalid username","level":"error","logId":"b5adb119-8f1f-4b9b-ae19-68ab1414fa90","message":"فشل إرسال الإشعار","service":"qatifan-fund","timestamp":"2026-05-31T23:26:22.300Z"}
